// Vitest Snapshot v1, https://vitest.dev/guide/snapshot.html

exports[`PropertyComparison > snapshot > matches initial snapshot 1`] = `
<div
  class="comparison-container"
>
  <div
    class="comparison-header"
  >
    <div
      class="header-text"
    >
      <h2>
        Compare Properties
      </h2>
      <p>
        Select up to 4 properties to compare side by side
      </p>
    </div>
  </div>
  <div
    class="comparison-slots"
  >
    <div
      class="comparison-card empty"
    >
      <div
        class="add-icon"
      >
        +
      </div>
      <p>
        Add Property
      </p>
    </div>
    <div
      class="comparison-card empty"
    >
      <div
        class="add-icon"
      >
        +
      </div>
      <p>
        Add Property
      </p>
    </div>
    <div
      class="comparison-card empty"
    >
      <div
        class="add-icon"
      >
        +
      </div>
      <p>
        Add Property
      </p>
    </div>
    <div
      class="comparison-card empty"
    >
      <div
        class="add-icon"
      >
        +
      </div>
      <p>
        Add Property
      </p>
    </div>
  </div>
</div>
`;
